B-0-0-0 promote elimination 31
B-0-0-0 retain home-occupation 31
B-0-0-0 army home-occupation 32
B-0-0-1 promote elimination 37
B-0-0-1 retain inactivity 48
B-0-0-1 army home-occupation 32
B-1-0-0 promote home-occupation 28
B-1-0-0 retain inactivity 25
B-1-0-0 army home-occupation 30
B-1-0-1 promote home-occupation 9
B-1-0-1 retain home-occupation 8
B-1-0-1 army home-occupation 8
B-2-0-0 promote inactivity 26
B-2-0-0 retain inactivity 31
B-2-0-0 army inactivity 22
B-2-0-1 promote inactivity 31
B-2-0-1 retain inactivity 40
B-2-0-1 army inactivity 33
B-3-0-0 promote inactivity 18
B-3-0-0 retain inactivity 18
B-3-0-0 army inactivity 43
B-3-0-1 promote inactivity 22
B-3-0-1 retain home-occupation 34
B-3-0-1 army inactivity 24
B-4-0-0 promote inactivity 22
B-4-0-0 retain inactivity 21
B-4-0-0 army inactivity 20
B-4-0-1 promote inactivity 25
B-4-0-1 retain inactivity 28
B-4-0-1 army inactivity 37
B-5-0-0 promote inactivity 26
B-5-0-0 retain inactivity 36
B-5-0-0 army inactivity 39
B-5-0-1 promote inactivity 28
B-5-0-1 retain inactivity 24
B-5-0-1 army inactivity 37
B-6-0-0 promote elimination 24
B-6-0-0 retain elimination 38
B-6-0-0 army elimination 26
B-6-0-1 promote home-occupation 15
B-6-0-1 retain home-occupation 21
B-6-0-1 army elimination 25
B-7-0-0 promote elimination 36
B-7-0-0 retain inactivity 28
B-7-0-0 army inactivity 29
B-7-0-1 promote inactivity 32
B-7-0-1 retain inactivity 31
B-7-0-1 army inactivity 32
