A-0-0-0 promote elimination 22
A-0-0-0 retain elimination 25
A-0-0-0 army elimination 24
A-0-5-1 promote home-occupation 22
A-0-5-1 retain elimination 20
A-0-5-1 army home-occupation 21
A-1-0-0 promote inactivity 40
A-1-0-0 retain inactivity 20
A-1-0-0 army home-occupation 30
A-1-0-1 promote home-occupation 10
A-1-0-1 retain home-occupation 12
A-1-0-1 army home-occupation 12
A-2-0-0 promote inactivity 30
A-2-0-0 retain inactivity 32
A-2-0-0 army inactivity 28
A-2-0-1 promote inactivity 33
A-2-0-1 retain inactivity 17
A-2-0-1 army home-occupation 34
A-3-0-0 promote inactivity 38
A-3-0-0 retain inactivity 28
A-3-0-0 army inactivity 39
A-3-0-1 promote inactivity 40
A-3-0-1 retain inactivity 35
A-3-0-1 army inactivity 44
A-4-0-0 promote inactivity 31
A-4-0-0 retain inactivity 27
A-4-0-0 army inactivity 35
A-4-0-1 promote inactivity 42
A-4-0-1 retain elimination 49
A-4-0-1 army inactivity 30
A-5-0-0 promote inactivity 25
A-5-0-0 retain inactivity 31
A-5-0-0 army inactivity 29
A-5-0-1 promote inactivity 26
A-5-0-1 retain inactivity 20
A-5-0-1 army inactivity 24
A-6-0-0 promote elimination 40
A-6-0-0 retain elimination 34
A-6-0-0 army home-occupation 25
A-6-0-1 promote elimination 41
A-6-0-1 retain elimination 35
A-6-0-1 army elimination 42
A-7-0-0 promote inactivity 25
A-7-0-0 retain inactivity 24
A-7-0-0 army inactivity 33
A-7-0-1 promote inactivity 34
A-7-0-1 retain inactivity 29
A-7-0-1 army inactivity 34
