C-0-0-0 promote elimination 12
C-0-0-0 retain elimination 12
C-0-0-0 army elimination 12
C-0-1-1 promote elimination 30
C-0-1-1 retain elimination 12
C-0-1-1 army elimination 16
C-1-0-0 promote home-occupation 46
C-1-0-0 retain home-occupation 22
C-1-0-0 army home-occupation 20
C-1-0-1 promote inactivity 18
C-1-0-1 retain inactivity 18
C-1-0-1 army inactivity 18
C-2-0-0 promote inactivity 31
C-2-0-0 retain inactivity 16
C-2-0-0 army inactivity 29
C-2-0-1 promote inactivity 41
C-2-0-1 retain inactivity 59
C-2-0-1 army inactivity 31
C-3-0-0 promote inactivity 23
C-3-0-0 retain inactivity 24
C-3-0-0 army inactivity 32
C-3-0-1 promote inactivity 20
C-3-0-1 retain inactivity 21
C-3-0-1 army inactivity 20
C-4-0-0 promote inactivity 18
C-4-0-0 retain inactivity 21
C-4-0-0 army inactivity 18
C-4-0-1 promote inactivity 24
C-4-0-1 retain inactivity 19
C-4-0-1 army inactivity 24
C-5-0-0 promote inactivity 50
C-5-0-0 retain inactivity 52
C-5-0-0 army inactivity 26
C-5-0-1 promote inactivity 28
C-5-0-1 retain inactivity 30
C-5-0-1 army inactivity 23
C-6-0-0 promote home-occupation 30
C-6-0-0 retain home-occupation 23
C-6-0-0 army elimination 56
C-6-0-1 promote home-occupation 29
C-6-0-1 retain home-occupation 45
C-6-0-1 army elimination 47
C-7-0-0 promote inactivity 25
C-7-0-0 retain inactivity 26
C-7-0-0 army inactivity 25
C-7-0-1 promote inactivity 24
C-7-0-1 retain inactivity 24
C-7-0-1 army inactivity 23
