sustain-A-0-0-0 promote elimination 27
sustain-A-0-0-0 retain home-occupation 33
sustain-A-0-0-0 army home-occupation 38
sustain-A-0-0-1 promote home-occupation 30
sustain-A-0-0-1 retain elimination 16
sustain-A-0-0-1 army elimination 18
sustain-A-1-0-0 promote home-occupation 35
sustain-A-1-0-0 retain inactivity 27
sustain-A-1-0-0 army elimination 29
sustain-A-1-0-1 promote home-occupation 29
sustain-A-1-0-1 retain home-occupation 14
sustain-A-1-0-1 army elimination 33
sustain-A-2-0-0 promote elimination 54
sustain-A-2-0-0 retain inactivity 39
sustain-A-2-0-0 army inactivity 31
sustain-A-2-0-1 promote inactivity 33
sustain-A-2-0-1 retain inactivity 24
sustain-A-2-0-1 army home-occupation 40
sustain-A-3-0-0 promote inactivity 22
sustain-A-3-0-0 retain inactivity 41
sustain-A-3-0-0 army inactivity 35
sustain-A-3-0-1 promote inactivity 22
sustain-A-3-0-1 retain inactivity 31
sustain-A-3-0-1 army inactivity 34
sustain-A-4-0-0 promote inactivity 38
sustain-A-4-0-0 retain inactivity 27
sustain-A-4-0-0 army inactivity 23
sustain-A-4-0-1 promote inactivity 29
sustain-A-4-0-1 retain inactivity 50
sustain-A-4-0-1 army inactivity 21
sustain-A-5-0-0 promote inactivity 25
sustain-A-5-0-0 retain elimination 28
sustain-A-5-0-0 army inactivity 35
sustain-A-5-0-1 promote inactivity 31
sustain-A-5-0-1 retain inactivity 22
sustain-A-5-0-1 army inactivity 29
sustain-A-6-0-0 promote elimination 50
sustain-A-6-0-0 retain home-occupation 29
sustain-A-6-0-0 army home-occupation 48
sustain-A-6-0-1 promote home-occupation 22
sustain-A-6-0-1 retain elimination 37
sustain-A-6-0-1 army home-occupation 25
sustain-A-7-0-0 promote inactivity 34
sustain-A-7-0-0 retain inactivity 29
sustain-A-7-0-0 army inactivity 36
sustain-A-7-0-1 promote inactivity 26
sustain-A-7-0-1 retain inactivity 28
sustain-A-7-0-1 army inactivity 29
