sustain-B-0-0-0 promote elimination 28
sustain-B-0-0-0 retain elimination 33
sustain-B-0-0-0 army home-occupation 35
sustain-B-0-0-1 promote home-occupation 38
sustain-B-0-0-1 retain elimination 15
sustain-B-0-0-1 army elimination 39
sustain-B-1-0-0 promote inactivity 26
sustain-B-1-0-0 retain inactivity 35
sustain-B-1-0-0 army home-occupation 38
sustain-B-1-0-1 promote home-occupation 25
sustain-B-1-0-1 retain home-occupation 14
sustain-B-1-0-1 army home-occupation 19
sustain-B-2-0-0 promote inactivity 37
sustain-B-2-0-0 retain elimination 46
sustain-B-2-0-0 army inactivity 33
sustain-B-2-0-1 promote elimination 33
sustain-B-2-0-1 retain inactivity 40
sustain-B-2-0-1 army inactivity 22
sustain-B-3-0-0 promote inactivity 30
sustain-B-3-0-0 retain inactivity 21
sustain-B-3-0-0 army inactivity 48
sustain-B-3-0-1 promote inactivity 28
sustain-B-3-0-1 retain inactivity 34
sustain-B-3-0-1 army inactivity 37
sustain-B-4-0-0 promote inactivity 18
sustain-B-4-0-0 retain inactivity 28
sustain-B-4-0-0 army inactivity 19
sustain-B-4-0-1 promote inactivity 23
sustain-B-4-0-1 retain inactivity 25
sustain-B-4-0-1 army inactivity 27
sustain-B-5-0-0 promote inactivity 27
sustain-B-5-0-0 retain inactivity 27
sustain-B-5-0-0 army inactivity 26
sustain-B-5-0-1 promote inactivity 21
sustain-B-5-0-1 retain inactivity 22
sustain-B-5-0-1 army elimination 20
sustain-B-6-0-0 promote elimination 22
sustain-B-6-0-0 retain elimination 38
sustain-B-6-0-0 army elimination 23
sustain-B-6-0-1 promote elimination 18
sustain-B-6-0-1 retain elimination 39
sustain-B-6-0-1 army elimination 24
sustain-B-7-0-0 promote inactivity 29
sustain-B-7-0-0 retain inactivity 31
sustain-B-7-0-0 army inactivity 31
sustain-B-7-0-1 promote inactivity 33
sustain-B-7-0-1 retain inactivity 24
sustain-B-7-0-1 army inactivity 27
