sustain-C-0-0-0 promote home-occupation 38
sustain-C-0-0-0 retain home-occupation 30
sustain-C-0-0-0 army home-occupation 34
sustain-C-0-1-1 promote inactivity 38
sustain-C-0-1-1 retain elimination 11
sustain-C-0-1-1 army elimination 12
sustain-C-1-0-0 promote elimination 21
sustain-C-1-0-0 retain home-occupation 18
sustain-C-1-0-0 army home-occupation 14
sustain-C-1-0-1 promote elimination 39
sustain-C-1-0-1 retain home-occupation 45
sustain-C-1-0-1 army home-occupation 40
sustain-C-2-0-0 promote inactivity 27
sustain-C-2-0-0 retain inactivity 33
sustain-C-2-0-0 army inactivity 23
sustain-C-2-0-1 promote inactivity 24
sustain-C-2-0-1 retain inactivity 23
sustain-C-2-0-1 army inactivity 26
sustain-C-3-0-0 promote inactivity 46
sustain-C-3-0-0 retain inactivity 30
sustain-C-3-0-0 army inactivity 28
sustain-C-3-0-1 promote inactivity 38
sustain-C-3-0-1 retain inactivity 48
sustain-C-3-0-1 army inactivity 27
sustain-C-4-0-0 promote inactivity 17
sustain-C-4-0-0 retain inactivity 18
sustain-C-4-0-0 army inactivity 22
sustain-C-4-0-1 promote inactivity 17
sustain-C-4-0-1 retain inactivity 17
sustain-C-4-0-1 army inactivity 17
sustain-C-5-0-0 promote inactivity 24
sustain-C-5-0-0 retain inactivity 26
sustain-C-5-0-0 army inactivity 24
sustain-C-5-0-1 promote elimination 19
sustain-C-5-0-1 retain inactivity 23
sustain-C-5-0-1 army inactivity 22
sustain-C-6-0-0 promote home-occupation 19
sustain-C-6-0-0 retain elimination 59
sustain-C-6-0-0 army elimination 54
sustain-C-6-0-1 promote home-occupation 28
sustain-C-6-0-1 retain home-occupation 56
sustain-C-6-0-1 army inactivity 52
sustain-C-7-0-0 promote elimination 22
sustain-C-7-0-0 retain inactivity 23
sustain-C-7-0-0 army inactivity 23
sustain-C-7-0-1 promote upkeep-elimination 11
sustain-C-7-0-1 retain upkeep-elimination 11
sustain-C-7-0-1 army upkeep-elimination 11
