Preserved 01 CLICK
Preserved 02 PIP
Preserved 03 CLICK
Preserved 04 PIP
Preserved 05 COACH
Preserved 06 CLICK
Preserved 07 COACH
Preserved 08 COACH
Preserved 09 COACH
Preserved 10 CLICK
Preserved 11 COACH
Preserved 12 COACH
Preserved 13 COACH
Preserved 14 PIP
Preserved 15 COACH
Preserved 16 COACH
Preserved 17 COACH
Preserved 18 COACH
Preserved 19 COACH
Preserved 20 COACH
Preserved 21 CLICK
Preserved 22 COACH
Preserved 23 PIP
Preserved 24 CLICK
Preserved 25 CLICK
Preserved 26 COACH
Preserved 27 COACH
Preserved 28 PIP
Preserved 29 COACH
Preserved shop-prices COACH
Preserved home-block COACH
Preserved 30 COACH
Preserved 31 PIP
Speech generation complete.
