Preserved 01 PIP
Preserved 02 CLICK
Preserved 03 PIP
Preserved 04 CLICK
Preserved 05 COACH
Preserved 06 COACH
Preserved 07 CLICK
Preserved 08 COACH
Preserved 09 PIP
Preserved 10 COACH
Preserved 11 COACH
Preserved 12 COACH
Preserved 13 COACH
Preserved 14 PIP
Preserved 15 COACH
Preserved 16 COACH
Preserved 17 COACH
Preserved 18 CLICK
Preserved 19 COACH
Preserved 20 PIP
Preserved 21 CLICK
Preserved 22 COACH
Preserved 24 PIP
Preserved 25 CLICK
Preserved 26 PIP
Preserved 27 COACH
Preserved 28 PIP
Generated 23 COACH: 3.00s
Preserved all-miners COACH
Preserved 29 COACH
Preserved 30 COACH
Generated map COACH: 23.05s
Speech generation complete.
