Preserved 01 BUBBLES
Preserved 02 CLICK
Preserved 03 BUBBLES
Preserved 04 COACH
Preserved 05 CLICK
Preserved 06 PIP
Preserved 07 COACH
Preserved 08 COACH
Preserved 09 BUBBLES
Preserved 10 PIP
Preserved 11 BUBBLES
Preserved 12 COACH
Preserved 13 COACH
Preserved 14 COACH
Preserved 15 BUBBLES
Preserved 16 BUBBLES
Preserved 17 COACH
Preserved 18 CLICK
Preserved 19 COACH
Preserved 20 PIP
Preserved 21 BUBBLES
Preserved 22 COACH
Preserved 23 CLICK
Preserved 24 BUBBLES
Preserved 25 CLICK
Preserved 26 CLICK
Preserved 27 BUBBLES
Preserved matrix-intro COACH
Preserved matrix-1-stats COACH
Preserved matrix-1-out COACH
Preserved matrix-1-in COACH
Preserved matrix-1-read COACH
Preserved matrix-2-stats COACH
Preserved matrix-2-out COACH
Preserved matrix-2-in COACH
Preserved matrix-2-read COACH
Preserved matrix-3-stats COACH
Preserved matrix-3-out COACH
Preserved matrix-3-in COACH
Preserved matrix-3-read COACH
Preserved 28 COACH
Preserved 29 BUBBLES
Speech generation complete.
