Preserved 01 MURMUR
Preserved 02 COACH
Preserved 03 MURMUR
Preserved 04 MURMUR
Preserved 05 CLICK
Preserved 06 COACH
Preserved 07 COACH
Preserved 08 COACH
Preserved 09 COACH
Preserved 10 MURMUR
Preserved 11 COACH
Preserved 12 COACH
Preserved 13 MURMUR
Preserved 14 MURMUR
Preserved 15 COACH
Preserved 16 COACH
Preserved 17 PIP
Preserved 18 COACH
Preserved 19 MURMUR
Preserved 20 CLICK
Preserved 21 CLICK
Preserved 22 MURMUR
Preserved 23 MURMUR
Preserved 24 COACH
Preserved 25 CLICK
Preserved 26 CLICK
Preserved 27 MURMUR
Preserved 28 CLICK
Preserved 29 MURMUR
Preserved matrix-intro COACH
Preserved matrix-1-stats COACH
Preserved matrix-1-out COACH
Preserved matrix-1-in COACH
Preserved matrix-1-read COACH
Preserved matrix-2-stats COACH
Preserved matrix-2-out COACH
Preserved matrix-2-in COACH
Preserved matrix-2-read COACH
Preserved matrix-3-stats COACH
Preserved matrix-3-out COACH
Preserved matrix-3-in COACH
Preserved matrix-3-read COACH
Preserved 30 MURMUR
Preserved 31 PIP
Speech generation complete.
