Preserved 01 PIP
Preserved 02 CLICK
Preserved 03 PIP
Preserved 04 CLICK
Preserved 05 COACH
Preserved 06 PIP
Preserved 07 COACH
Preserved 08 COACH
Preserved 09 CLICK
Preserved 10 COACH
Preserved 11 CLICK
Preserved 12 COACH
Preserved 13 PIP
Preserved 14 COACH
Preserved 15 CLICK
Preserved 16 COACH
Preserved 17 COACH
Preserved 18 COACH
Preserved 19 COACH
Preserved 20 COACH
Preserved 21 COACH
Preserved 22 CLICK
Preserved 23 CLICK
Preserved 24 PIP
Preserved 25 COACH
Preserved 26 COACH
Preserved 27 CLICK
Preserved 28 COACH
Preserved 29 COACH
Preserved 30 COACH
Preserved cleave-rule COACH
Preserved cleave-demo COACH
Preserved cleave-finish COACH
Preserved cleave-limits COACH
Preserved 31 PIP
Preserved 32 CLICK
Speech generation complete.
