Preserved 01 PIP
Preserved 02 CLICK
Preserved 03 CLICK
Preserved 04 COACH
Preserved 05 CLICK
Preserved 06 COACH
Preserved 07 PIP
Preserved 08 COACH
Preserved 09 COACH
Preserved 10 COACH
Preserved 11 COACH
Preserved 12 CLICK
Preserved 13 CLICK
Preserved 14 COACH
Preserved 15 CLICK
Preserved 16 COACH
Preserved 17 COACH
Preserved 18 PIP
Preserved 19 COACH
Preserved 20 COACH
Preserved 21 CLICK
Preserved 22 CLICK
Preserved 23 PIP
Preserved 24 PIP
Preserved 25 COACH
Preserved 26 COACH
Preserved 27 CLICK
Preserved 28 COACH
Preserved promotion-prices COACH
Preserved 29 PIP
Preserved 30 COACH
Speech generation complete.
