Preserved 01 PIP
Preserved 02 CLICK
Preserved 03 PIP
Preserved 04 COACH
Preserved 05 COACH
Preserved 06 COACH
Preserved 07 CLICK
Preserved 08 CLICK
Preserved 09 COACH
Preserved 10 COACH
Preserved 11 PIP
Preserved 12 COACH
Preserved 13 COACH
Preserved 14 COACH
Preserved 15 COACH
Preserved 16 COACH
Preserved 17 COACH
Preserved 18 COACH
Preserved 19 PIP
Preserved 20 CLICK
Preserved 21 COACH
Preserved 22 COACH
Preserved 23 COACH
Preserved 24 PIP
Preserved 25 CLICK
Preserved 26 COACH
Preserved 27 COACH
Preserved 28 PIP
Preserved 29 CLICK
Preserved 30 COACH
Preserved setup COACH
Preserved 31 COACH
Preserved 32 PIP
Speech generation complete.
