Preserved 01 CLANK
Preserved 02 PIP
Preserved 03 CLICK
Preserved 04 EMBER
Preserved 05 CLANK
Preserved 06 COACH
Preserved 07 COACH
Preserved 08 CLICK
Preserved 09 CLANK
Preserved 10 COACH
Preserved 11 CLANK
Preserved 12 COACH
Preserved 13 CLICK
Preserved 14 CLANK
Preserved 15 COACH
Preserved 16 COACH
Preserved 17 PIP
Preserved 18 COACH
Preserved 19 CLICK
Preserved 20 CLANK
Preserved 21 CLANK
Preserved 22 CLANK
Preserved 23 CLANK
Preserved 24 CLANK
Preserved 25 CLICK
Preserved 26 CLANK
Preserved 27 CLANK
Preserved matrix-intro COACH
Preserved matrix-1-stats COACH
Preserved matrix-1-out COACH
Preserved matrix-1-in COACH
Preserved matrix-1-read COACH
Preserved matrix-2-stats COACH
Preserved matrix-2-out COACH
Preserved matrix-2-in COACH
Preserved matrix-2-read COACH
Preserved matrix-3-stats COACH
Preserved matrix-3-out COACH
Preserved matrix-3-in COACH
Preserved matrix-3-read COACH
Preserved 28 CLANK
Preserved 29 COACH
Speech generation complete.
