Preserved 01 PIP
Preserved 02 CLICK
Preserved 03 PIP
Preserved 04 COACH
Preserved 05 CLICK
Preserved 06 COACH
Preserved 07 COACH
Preserved 08 PIP
Preserved 09 COACH
Preserved 10 PIP
Preserved 11 CLICK
Preserved 12 CLICK
Preserved 13 PIP
Preserved 14 CLICK
Preserved 15 CLICK
Preserved 16 CLICK
Preserved 17 COACH
Preserved 18 COACH
Preserved 19 COACH
Preserved 20 COACH
Preserved 21 PIP
Preserved 22 CLICK
Preserved 23 PIP
Preserved 24 CLICK
Preserved 25 COACH
Preserved 26 COACH
Preserved 27 COACH
Preserved 28 CLICK
Preserved upkeep-flow COACH
Preserved promotion-bill COACH
Preserved 29 PIP
Preserved 30 COACH
Speech generation complete.
