Preserved 01 PIP
Preserved 02 CLICK
Preserved 03 PIP
Preserved 04 CLICK
Preserved 05 COACH
Preserved 06 CLICK
Preserved 07 COACH
Preserved 08 COACH
Preserved 09 CLICK
Preserved 10 PIP
Preserved 11 COACH
Preserved 12 CLICK
Preserved 13 CLICK
Preserved 14 COACH
Preserved 15 COACH
Preserved 16 COACH
Preserved 17 COACH
Preserved 18 COACH
Preserved 19 COACH
Preserved 20 COACH
Preserved 21 COACH
Preserved 22 CLICK
Preserved 23 COACH
Preserved 24 PIP
Preserved 25 CLICK
Preserved 26 COACH
Preserved 27 CLICK
Preserved 28 CLICK
Preserved 29 CLICK
Preserved draw-timing COACH
Preserved 30 COACH
Preserved 31 COACH
Speech generation complete.
