Preserved 01 ZIP
Preserved 02 CLICK
Preserved 03 ZIP
Preserved 04 CLICK
Preserved 05 COACH
Preserved 06 COACH
Preserved 07 COACH
Preserved 08 COACH
Preserved 09 ZIP
Preserved 10 ZIP
Preserved 11 COACH
Preserved 12 COACH
Preserved 13 ZIP
Preserved 14 PIP
Preserved 15 COACH
Preserved 16 ZIP
Preserved 17 COACH
Preserved 18 CLICK
Preserved 19 COACH
Preserved 20 ZIP
Preserved 21 ZIP
Preserved 22 PIP
Preserved 23 CLICK
Preserved 25 CLICK
Preserved 26 ZIP
Preserved 27 COACH
Preserved 28 CLICK
Preserved 29 CLICK
Preserved 30 ZIP
Preserved 31 CLICK
Preserved 32 ZIP
Preserved matrix-intro COACH
Preserved matrix-1-stats COACH
Preserved matrix-1-out COACH
Preserved matrix-1-in COACH
Preserved matrix-1-read COACH
Preserved matrix-2-stats COACH
Preserved matrix-2-out COACH
Preserved matrix-2-in COACH
Preserved matrix-2-read COACH
Preserved matrix-3-stats COACH
Preserved matrix-3-out COACH
Preserved matrix-3-in COACH
Preserved matrix-3-read COACH
Preserved 33 CLICK
Preserved 34 COACH
Generated 24 ZIP: 4.30s
Speech generation complete.
