Preserved 01 PIP
Preserved 02 CLICK
Preserved 03 PIP
Preserved 04 CLICK
Preserved 05 COACH
Preserved 06 PIP
Preserved 07 COACH
Preserved 08 COACH
Preserved 09 CLICK
Preserved 11 PIP
Preserved 12 COACH
Generated 10 PIP: 8.25s
Generated 13 COACH: 3.65s
Preserved 15 CLICK
Preserved 16 COACH
Preserved 17 PIP
Preserved 18 PIP
Preserved 19 CLICK
Generated 14 PIP: 2.95s
Generated 20 CLICK: 8.45s
Preserved 22 COACH
Preserved 23 CLICK
Preserved 24 CLICK
Preserved 25 PIP
Preserved 26 COACH
Preserved matrix-intro COACH
Preserved matrix-1-stats COACH
Preserved matrix-1-out COACH
Preserved matrix-1-in COACH
Preserved matrix-1-read COACH
Generated 21 CLICK: 7.40s
Preserved matrix-2-out COACH
Preserved matrix-2-in COACH
Preserved matrix-2-read COACH
Generated matrix-3-stats COACH: 9.25s
Preserved matrix-3-out COACH
Preserved matrix-3-in COACH
Preserved matrix-3-read COACH
Preserved 27 COACH
Preserved 28 PIP
Generated matrix-2-stats COACH: 9.40s
Speech generation complete.
