Preserved 01 PIP
Preserved 02 CLICK
Preserved 03 PIP
Preserved 04 CLICK
Preserved 05 COACH
Preserved 06 PIP
Preserved 07 COACH
Preserved 08 CLICK
Preserved 09 COACH
Preserved 10 PIP
Preserved 11 CLICK
Preserved 12 PIP
Preserved 13 COACH
Preserved 14 COACH
Preserved 15 COACH
Preserved 16 CLICK
Preserved 17 CLICK
Preserved 18 CLICK
Preserved 19 COACH
Preserved 20 COACH
Preserved 21 COACH
Preserved 22 CLICK
Preserved 23 COACH
Preserved 24 PIP
Preserved 25 COACH
Preserved 26 PIP
Preserved 27 COACH
Preserved 28 COACH
Preserved public COACH
Preserved controls COACH
Preserved options COACH
Preserved timed COACH
Preserved 29 CLICK
Preserved 30 COACH
Speech generation complete.
