Preserved 01 EMBER
Preserved 02 CLICK
Preserved 03 EMBER
Preserved 04 COACH
Preserved 05 PIP
Preserved 06 COACH
Preserved 07 CLICK
Preserved 08 COACH
Preserved 09 EMBER
Preserved 10 PIP
Preserved 11 CLICK
Preserved 12 EMBER
Preserved 13 CLICK
Preserved 14 COACH
Preserved 15 CLICK
Preserved 16 EMBER
Preserved 17 COACH
Preserved 18 COACH
Preserved 19 COACH
Preserved 20 CLICK
Preserved 21 EMBER
Preserved 22 EMBER
Preserved 23 EMBER
Preserved 24 EMBER
Preserved 25 COACH
Preserved 26 EMBER
Preserved 27 COACH
Preserved 28 COACH
Preserved 29 EMBER
Preserved matrix-intro COACH
Preserved matrix-1-stats COACH
Preserved matrix-1-out COACH
Preserved matrix-1-in COACH
Preserved matrix-1-read COACH
Preserved matrix-2-stats COACH
Preserved matrix-2-out COACH
Preserved matrix-2-in COACH
Preserved matrix-2-read COACH
Preserved matrix-3-stats COACH
Preserved matrix-3-out COACH
Preserved matrix-3-in COACH
Preserved matrix-3-read COACH
Preserved 30 EMBER
Preserved 31 COACH
Speech generation complete.
