R11/07: 5 words · 2.0s
R06/26: 11 words · 2.3s
R11/matrix-1-out: 24 words · 3.4s
R11/matrix-1-in: 35 words · 4.9s
R11/matrix-2-out: 29 words · 4.6s
R11/matrix-2-in: 35 words · 5.3s
R12/26: 10 words · 2.1s
R11/matrix-3-out: 32 words · 5.4s
R12/28: 15 words · 2.6s
R12/29: 17 words · 2.6s
R12/matrix-2-out: 24 words · 3.6s
R12/matrix-1-in: 35 words · 5.2s
R12/matrix-2-in: 35 words · 5.2s
R12/matrix-3-out: 30 words · 4.9s
R13/04: 13 words · 2.4s
R12/matrix-3-in: 35 words · 5.6s
R13/matrix-1-in: 34 words · 5.3s
R13/matrix-2-in: 27 words · 4.0s
R14/matrix-1-in: 34 words · 5.2s
R14/matrix-2-in: 34 words · 5.1s
R14/matrix-3-out: 30 words · 5.2s
R14/matrix-3-in: 34 words · 5.7s
R16/11: 13 words · 2.5s
R16/21: 23 words · 2.9s
R16/22: 23 words · 2.9s
R16/23: 23 words · 2.8s
R16/matrix-1-stats: 13 words · 2.2s
R16/matrix-1-out: 19 words · 3.0s
R16/matrix-1-in: 27 words · 3.6s
R16/matrix-2-stats: 13 words · 2.4s
R16/matrix-2-out: 19 words · 3.3s
R16/matrix-3-stats: 20 words · 2.3s
Local speech verification transcriptions complete.
