Collecting faster-whisper==1.2.1
  Using cached faster_whisper-1.2.1-py3-none-any.whl.metadata (16 kB)
Collecting ctranslate2<5,>=4.0 (from faster-whisper==1.2.1)
  Using cached ctranslate2-4.8.2-cp312-cp312-macosx_11_0_arm64.whl.metadata (11 kB)
Collecting huggingface-hub>=0.21 (from faster-whisper==1.2.1)
  Using cached huggingface_hub-1.32.0-py3-none-any.whl.metadata (16 kB)
Collecting tokenizers<1,>=0.13 (from faster-whisper==1.2.1)
  Using cached tokenizers-0.23.2-cp310-abi3-macosx_11_0_arm64.whl.metadata (9.8 kB)
Collecting onnxruntime<2,>=1.14 (from faster-whisper==1.2.1)
  Using cached onnxruntime-1.30.0-cp312-cp312-macosx_14_0_arm64.whl.metadata (5.7 kB)
Collecting av>=11 (from faster-whisper==1.2.1)
  Using cached av-18.1.0-cp311-abi3-macosx_14_0_arm64.whl.metadata (5.0 kB)
Collecting tqdm (from faster-whisper==1.2.1)
  Using cached tqdm-4.70.1-py3-none-any.whl.metadata (57 kB)
Collecting numpy (from ctranslate2<5,>=4.0->faster-whisper==1.2.1)
  Using cached numpy-2.5.3-cp312-cp312-macosx_14_0_arm64.whl.metadata (6.6 kB)
Collecting pyyaml<7,>=5.3 (from ctranslate2<5,>=4.0->faster-whisper==1.2.1)
  Using cached pyyaml-6.0.3-cp312-cp312-macosx_11_0_arm64.whl.metadata (2.4 kB)
Collecting click<9.0.0,>=8.4.2 (from huggingface-hub>=0.21->faster-whisper==1.2.1)
  Using cached click-8.5.0-py3-none-any.whl.metadata (2.6 kB)
Collecting filelock>=3.10.0 (from huggingface-hub>=0.21->faster-whisper==1.2.1)
  Using cached filelock-4.0.0-py3-none-any.whl.metadata (2.0 kB)
Collecting fsspec>=2023.5.0 (from huggingface-hub>=0.21->faster-whisper==1.2.1)
  Using cached fsspec-2026.7.0-py3-none-any.whl.metadata (10 kB)
Collecting hf-xet<2.0.0,>=1.5.2 (from huggingface-hub>=0.21->faster-whisper==1.2.1)
  Using cached hf_xet-1.6.0-cp38-abi3-macosx_11_0_arm64.whl.metadata (4.9 kB)
Collecting httpx<1,>=0.23.0 (from huggingface-hub>=0.21->faster-whisper==1.2.1)
  Using cached httpx-0.28.1-py3-none-any.whl.metadata (7.1 kB)
Collecting packaging>=20.9 (from huggingface-hub>=0.21->faster-whisper==1.2.1)
  Using cached packaging-26.3-py3-none-any.whl.metadata (3.5 kB)
Collecting typing-extensions>=4.1.0 (from huggingface-hub>=0.21->faster-whisper==1.2.1)
  Using cached typing_extensions-4.16.0-py3-none-any.whl.metadata (3.3 kB)
Collecting flatbuffers (from onnxruntime<2,>=1.14->faster-whisper==1.2.1)
  Using cached flatbuffers-25.12.19-py2.py3-none-any.whl.metadata (1.0 kB)
Collecting protobuf>=4.25.8 (from onnxruntime<2,>=1.14->faster-whisper==1.2.1)
  Using cached protobuf-7.36.2-cp310-abi3-macosx_10_9_universal2.whl.metadata (595 bytes)
Collecting anyio (from httpx<1,>=0.23.0->huggingface-hub>=0.21->faster-whisper==1.2.1)
  Using cached anyio-4.15.1-py3-none-any.whl.metadata (4.7 kB)
Collecting certifi (from httpx<1,>=0.23.0->huggingface-hub>=0.21->faster-whisper==1.2.1)
  Using cached certifi-2026.7.22-py3-none-any.whl.metadata (2.5 kB)
Collecting httpcore==1.* (from httpx<1,>=0.23.0->huggingface-hub>=0.21->faster-whisper==1.2.1)
  Using cached httpcore-1.0.9-py3-none-any.whl.metadata (21 kB)
Collecting idna (from httpx<1,>=0.23.0->huggingface-hub>=0.21->faster-whisper==1.2.1)
  Using cached idna-3.20-py3-none-any.whl.metadata (7.2 kB)
Collecting h11>=0.16 (from httpcore==1.*->httpx<1,>=0.23.0->huggingface-hub>=0.21->faster-whisper==1.2.1)
  Using cached h11-0.16.0-py3-none-any.whl.metadata (8.3 kB)
Using cached faster_whisper-1.2.1-py3-none-any.whl (1.1 MB)
Using cached av-18.1.0-cp311-abi3-macosx_14_0_arm64.whl (18.2 MB)
Using cached ctranslate2-4.8.2-cp312-cp312-macosx_11_0_arm64.whl (1.3 MB)
Using cached huggingface_hub-1.32.0-py3-none-any.whl (842 kB)
Using cached onnxruntime-1.30.0-cp312-cp312-macosx_14_0_arm64.whl (21.5 MB)
Using cached tokenizers-0.23.2-cp310-abi3-macosx_11_0_arm64.whl (3.1 MB)
Using cached tqdm-4.70.1-py3-none-any.whl (80 kB)
Using cached click-8.5.0-py3-none-any.whl (125 kB)
Using cached filelock-4.0.0-py3-none-any.whl (106 kB)
Using cached fsspec-2026.7.0-py3-none-any.whl (206 kB)
Using cached hf_xet-1.6.0-cp38-abi3-macosx_11_0_arm64.whl (3.9 MB)
Using cached httpx-0.28.1-py3-none-any.whl (73 kB)
Using cached httpcore-1.0.9-py3-none-any.whl (78 kB)
Using cached numpy-2.5.3-cp312-cp312-macosx_14_0_arm64.whl (5.4 MB)
Using cached packaging-26.3-py3-none-any.whl (129 kB)
Using cached protobuf-7.36.2-cp310-abi3-macosx_10_9_universal2.whl (456 kB)
Using cached pyyaml-6.0.3-cp312-cp312-macosx_11_0_arm64.whl (173 kB)
Using cached typing_extensions-4.16.0-py3-none-any.whl (45 kB)
Using cached flatbuffers-25.12.19-py2.py3-none-any.whl (26 kB)
Using cached anyio-4.15.1-py3-none-any.whl (132 kB)
Using cached idna-3.20-py3-none-any.whl (69 kB)
Using cached certifi-2026.7.22-py3-none-any.whl (136 kB)
Using cached h11-0.16.0-py3-none-any.whl (37 kB)
Installing collected packages: flatbuffers, typing-extensions, tqdm, pyyaml, protobuf, packaging, numpy, idna, hf-xet, h11, fsspec, filelock, click, certifi, av, onnxruntime, httpcore, ctranslate2, anyio, httpx, huggingface-hub, tokenizers, faster-whisper
Successfully installed anyio-4.15.1 av-18.1.0 certifi-2026.7.22 click-8.5.0 ctranslate2-4.8.2 faster-whisper-1.2.1 filelock-3.32.6 flatbuffers-25.12.19 fsspec-2026.7.0 h11-0.16.0 hf-xet-1.6.0 httpcore-1.0.9 httpx-0.28.1 huggingface-hub-1.31.0 idna-3.19 numpy-2.5.3 onnxruntime-1.30.0 packaging-26.3 protobuf-7.36.2 pyyaml-6.0.3 tokenizers-0.23.2 tqdm-4.70.1 typing-extensions-4.16.0

[notice] A new release of pip is available: 25.0.1 -> 26.2.1
[notice] To update, run: /private/tmp/muju-academy-asr-venv/bin/python -m pip install --upgrade pip
